Starting to read file
File has been read

============= TOP 10 MOST VISITED PAGES ===========
/sitewebif/intranet-etudiant.php    (10428 hits)
/notesif    (4437 hits)
/temps/style_emploi_du_temps.css    (4415 hits)
/temps/fondinsa.jpg    (4267 hits)
/temps/suivant.gif    (4198 hits)
/temps/choix.gif    (4191 hits)
/temps/precedent.gif    (4154 hits)
/temps/insaif.ico    (3068 hits)
/temps    (2797 hits)
/temps/3if1.ics    (2165 hits)

