Hits between 13:00 and 14:00 taken into account
Starting to read file
File has been read

============= TOP 10 MOST VISITED PAGES ===========
/sitewebif/intranet-etudiant.php    (1039 hits)
/temps/fondinsa.jpg    (438 hits)
/temps/style_emploi_du_temps.css    (435 hits)
/temps/choix.gif    (419 hits)
/temps/suivant.gif    (419 hits)
/temps/precedent.gif    (412 hits)
/temps/insaif.ico    (320 hits)
/notesif    (311 hits)
/temps    (236 hits)
/stages/style_pfe.css    (199 hits)

Dot file outputFile.dot successfully generated

