Error : No argument provided for -g option.
Please provide a .dot file name for the output file.
