Images, CSS and JS files ignored
Starting to read file
File has been read

============= TOP 10 MOST VISITED PAGES ===========

