Hits between 23:15 and 24:00 taken into account
Starting to read file
File has been read

============= TOP 10 MOST VISITED PAGES ===========
/sitewebif/intranet-etudiant.php    (326 hits)
/temps/style_emploi_du_temps.css    (134 hits)
/temps/fondinsa.jpg    (126 hits)
/temps/choix.gif    (121 hits)
/temps/suivant.gif    (121 hits)
/notesif    (120 hits)
/temps/precedent.gif    (120 hits)
/temps    (83 hits)
/temps/insaif.ico    (83 hits)
/temps/3if39.html    (69 hits)
