Images, CSS and JS files ignored
Starting to read file
File has been read

============= TOP 10 MOST VISITED PAGES ===========
/sitewebif/intranet-etudiant.php    (10428 hits)
/notesif    (4437 hits)
/temps    (2797 hits)
/temps/3if1.ics    (2165 hits)
/temps/4if39.html    (1865 hits)
/temps/3if39.html    (1738 hits)
/temps/4if38.html    (1565 hits)
/temps/4if1.ics    (1271 hits)
/temps/4if40.html    (1203 hits)
/temps/5if39.html    (1177 hits)
