File does not exist
Cannot read : FILE DOES NOT EXIST!

