Starting to read file
File has been read

============= TOP 10 MOST VISITED PAGES ===========
/temps/4if16.html    (1 hits)
/temps/4if15.html    (0 hits)

Dot file outputFile.dot successfully generated


